Ensuring binfmt_misc and QEMU multiarch support...
pi-gen image already exists
total 184 drwxr-xr-x 18 root root 4096 Dec 29 20:07 . drwxr-xr-x 1 root root 4096 Dec 29 20:59 .. drwxrwxr-x 2 root root 4096 Dec 18 16:30 .devcontainer drwxrwxr-x 9 root root 4096 Dec 29 20:07 .git drwxrwxr-x 3 root root 4096 Dec 18 16:28 .github -rw-rw-r-- 1 root root 541 Dec 18 16:28 .gitignore -rw-rw-r-- 1 root root 93 Dec 18 16:28 .gitmodules drwxrwxr-x 2 root root 4096 Dec 18 16:28 .vscode -rw-rw-r-- 1 root root 1062 Dec 28 22:11 Dockerfile -rw-rw-r-- 1 root root 935 Dec 18 16:28 ISSUE_TEMPLATE.md -rw-rw-r-- 1 root root 35149 Dec 18 16:28 LICENSE -rw-rw-r-- 1 root root 2493 Dec 18 16:54 PI5_MIGRATION.md -rw-rw-r-- 1 root root 2422 Dec 29 19:59 PI5_QT5_EGLFS_FIX.md -rw-rw-r-- 1 root root 466 Dec 18 16:28 README.md -rw-rw-r-- 1 root root 2509 Dec 18 16:28 binfmt-misc.md -rwxrwxr-x 1 root root 3086 Dec 28 22:11 build-docker.sh -rw-rw-r-- 1 root root 293 Dec 29 20:07 build-run-qt5-fix-test.log -rwxrwxr-x 1 root root 6440 Dec 18 16:28 build.sh -rw-rw-r-- 1 root root 5528 Dec 18 16:28 code_of_conduct.md -rw-rw-r-- 1 root root 286 Dec 18 16:37 config -rw-rw-r-- 1 root root 286 Dec 18 16:28 config.example -rw-rw-r-- 1 root root 189 Dec 18 16:28 depends drwxrwxr-x 4 1000 1000 4096 Dec 29 20:32 deploy drwxrwxr-x 7 root root 4096 Dec 18 16:28 export-image drwxrwxr-x 3 root root 4096 Dec 18 16:28 export-noobs drwxr-xr-x 11 root root 4096 Dec 29 16:41 prebuilts drwxrwxr-x 2 root root 4096 Dec 18 16:28 scripts drwxrwxr-x 7 root root 4096 Dec 29 20:07 stage0 drwxrwxr-x 6 root root 4096 Dec 18 16:28 stage1 drwxrwxr-x 9 root root 4096 Dec 18 16:28 stage2 drwxrwxr-x 7 root root 4096 Dec 18 16:28 stage3 drwxrwxr-x 4 root root 4096 Dec 29 20:07 stage4 -rwxrwxr-x 1 root root 1788 Dec 29 20:05 test-qt5-fix-build.sh -rwxrwxr-x 1 root root 2549 Dec 29 18:13 update-pi5-kernel.sh drwxrwxr-x 2 root root 4096 Dec 18 16:28 updater drwxrwxr-x 3 1000 1000 4096 Dec 29 20:09 work
[20:59:33] Begin /pi-gen
[20:59:33] Begin /pi-gen/stage0
[20:59:33] Begin /pi-gen/stage0/prerun.sh
[20:59:33] End /pi-gen/stage0/prerun.sh
[20:59:33] Begin /pi-gen/stage0/00-configure-apt
[20:59:33] Begin /pi-gen/stage0/00-configure-apt/00-run.sh
Hit:1 http://deb.debian.org/debian bookworm InRelease
Hit:2 http://archive.raspberrypi.com/debian bookworm InRelease
Reading package lists...
Reading package lists...
Building dependency tree...
Reading state information...
gnupg is already the newest version (2.2.40-1.1+deb12u1).
0 upgraded, 0 newly installed, 0 to remove and 0 not upgraded.
Reading package lists...
Building dependency tree...
Reading state information...
Calculating upgrade...
0 upgraded, 0 newly installed, 0 to remove and 0 not upgraded.
[20:59:41] End /pi-gen/stage0/00-configure-apt/00-run.sh
[20:59:41] End /pi-gen/stage0/00-configure-apt
[20:59:41] Begin /pi-gen/stage0/01-locale
[20:59:41] Begin /pi-gen/stage0/01-locale/00-debconf
[20:59:42] End /pi-gen/stage0/01-locale/00-debconf
[20:59:42] Begin /pi-gen/stage0/01-locale/00-packages
Reading package lists...
Building dependency tree...
Reading state information...
locales is already the newest version (2.36-9+rpt2+deb12u13).
0 upgraded, 0 newly installed, 0 to remove and 0 not upgraded.
[20:59:43] End /pi-gen/stage0/01-locale/00-packages
[20:59:43] End /pi-gen/stage0/01-locale
[20:59:43] Begin /pi-gen/stage0/02-firmware
[20:59:43] Begin /pi-gen/stage0/02-firmware/01-packages
Reading package lists...
Building dependency tree...
Reading state information...
raspberrypi-bootloader is already the newest version (1:1.20230405-1).
0 upgraded, 0 newly installed, 0 to remove and 0 not upgraded.
[20:59:44] End /pi-gen/stage0/02-firmware/01-packages
[20:59:44] End /pi-gen/stage0/02-firmware
[20:59:44] Begin /pi-gen/stage0/03-pi5-kernel
[20:59:44] Begin /pi-gen/stage0/03-pi5-kernel/00-run.sh
Downloading latest Raspberry Pi kernel with Pi 5 support...
Downloading complete Raspberry Pi firmware (includes bootloader, kernels, overlays)...
